Hello Houghton, is it still snowing?